// Jest Snapshot v1, https://goo.gl/fbAQLP

exports[`Matrix Matrix „ÅÆ Snapshot 1`] = `
<div>
  <table
    className="sudokuTable"
  >
    <tbody>
      <tr>
        <td
          className="initial "
          onClick={[Function]}
        >
          <p>
            1
          </p>
        </td>
        <td
          className="initial "
          onClick={[Function]}
        >
          <p>
            2
          </p>
        </td>
        <td
          className="initial "
          onClick={[Function]}
        >
          <p>
            3
          </p>
        </td>
        <td
          className="initial "
          onClick={[Function]}
        >
          <p>
            4
          </p>
        </td>
        <td
          className="initial "
          onClick={[Function]}
        >
          <p>
            5
          </p>
        </td>
        <td
          className="initial "
          onClick={[Function]}
        >
          <p>
            6
          </p>
        </td>
        <td
          className="initial "
          onClick={[Function]}
        >
          <p>
            7
          </p>
        </td>
        <td
          className="initial "
          onClick={[Function]}
        >
          <p>
            8
          </p>
        </td>
        <td
          className="initial "
          onClick={[Function]}
        >
          <p>
            9
          </p>
        </td>
      </tr>
      <tr>
        <td
          className="initial "
          onClick={[Function]}
        >
          <p>
            10
          </p>
        </td>
        <td
          className="initial "
          onClick={[Function]}
        >
          <p>
            11
          </p>
        </td>
        <td
          className="initial "
          onClick={[Function]}
        >
          <p>
            12
          </p>
        </td>
        <td
          className="initial "
          onClick={[Function]}
        >
          <p>
            13
          </p>
        </td>
        <td
          className="initial "
          onClick={[Function]}
        >
          <p>
            14
          </p>
        </td>
        <td
          className="initial "
          onClick={[Function]}
        >
          <p>
            15
          </p>
        </td>
        <td
          className="initial "
          onClick={[Function]}
        >
          <p>
            16
          </p>
        </td>
        <td
          className="initial "
          onClick={[Function]}
        >
          <p>
            17
          </p>
        </td>
        <td
          className="initial "
          onClick={[Function]}
        >
          <p>
            18
          </p>
        </td>
      </tr>
      <tr>
        <td
          className="initial "
          onClick={[Function]}
        >
          <p>
            19
          </p>
        </td>
        <td
          className="initial "
          onClick={[Function]}
        >
          <p>
            20
          </p>
        </td>
        <td
          className="initial "
          onClick={[Function]}
        >
          <p>
            21
          </p>
        </td>
        <td
          className="initial "
          onClick={[Function]}
        >
          <p>
            22
          </p>
        </td>
        <td
          className="initial "
          onClick={[Function]}
        >
          <p>
            23
          </p>
        </td>
        <td
          className="initial "
          onClick={[Function]}
        >
          <p>
            24
          </p>
        </td>
        <td
          className="initial "
          onClick={[Function]}
        >
          <p>
            25
          </p>
        </td>
        <td
          className="initial "
          onClick={[Function]}
        >
          <p>
            26
          </p>
        </td>
        <td
          className="initial "
          onClick={[Function]}
        >
          <p>
            27
          </p>
        </td>
      </tr>
      <tr>
        <td
          className="initial "
          onClick={[Function]}
        >
          <p>
            28
          </p>
        </td>
        <td
          className="initial "
          onClick={[Function]}
        >
          <p>
            29
          </p>
        </td>
        <td
          className="initial "
          onClick={[Function]}
        >
          <p>
            30
          </p>
        </td>
        <td
          className="initial "
          onClick={[Function]}
        >
          <p>
            31
          </p>
        </td>
        <td
          className="initial "
          onClick={[Function]}
        >
          <p>
            32
          </p>
        </td>
        <td
          className="initial "
          onClick={[Function]}
        >
          <p>
            33
          </p>
        </td>
        <td
          className="initial "
          onClick={[Function]}
        >
          <p>
            34
          </p>
        </td>
        <td
          className="initial "
          onClick={[Function]}
        >
          <p>
            35
          </p>
        </td>
        <td
          className="initial "
          onClick={[Function]}
        >
          <p>
            36
          </p>
        </td>
      </tr>
      <tr>
        <td
          className="initial "
          onClick={[Function]}
        >
          <p>
            37
          </p>
        </td>
        <td
          className="initial "
          onClick={[Function]}
        >
          <p>
            38
          </p>
        </td>
        <td
          className="initial "
          onClick={[Function]}
        >
          <p>
            39
          </p>
        </td>
        <td
          className="initial "
          onClick={[Function]}
        >
          <p>
            40
          </p>
        </td>
        <td
          className="initial "
          onClick={[Function]}
        >
          <p>
            41
          </p>
        </td>
        <td
          className="initial "
          onClick={[Function]}
        >
          <p>
            42
          </p>
        </td>
        <td
          className="initial "
          onClick={[Function]}
        >
          <p>
            43
          </p>
        </td>
        <td
          className="initial "
          onClick={[Function]}
        >
          <p>
            44
          </p>
        </td>
        <td
          className="initial "
          onClick={[Function]}
        >
          <p>
            45
          </p>
        </td>
      </tr>
      <tr>
        <td
          className="initial "
          onClick={[Function]}
        >
          <p>
            46
          </p>
        </td>
        <td
          className="initial "
          onClick={[Function]}
        >
          <p>
            47
          </p>
        </td>
        <td
          className="initial "
          onClick={[Function]}
        >
          <p>
            48
          </p>
        </td>
        <td
          className="initial "
          onClick={[Function]}
        >
          <p>
            49
          </p>
        </td>
        <td
          className="initial "
          onClick={[Function]}
        >
          <p>
            50
          </p>
        </td>
        <td
          className="initial "
          onClick={[Function]}
        >
          <p>
            51
          </p>
        </td>
        <td
          className="initial "
          onClick={[Function]}
        >
          <p>
            52
          </p>
        </td>
        <td
          className="initial "
          onClick={[Function]}
        >
          <p>
            53
          </p>
        </td>
        <td
          className="initial "
          onClick={[Function]}
        >
          <p>
            54
          </p>
        </td>
      </tr>
      <tr>
        <td
          className="initial "
          onClick={[Function]}
        >
          <p>
            55
          </p>
        </td>
        <td
          className="initial "
          onClick={[Function]}
        >
          <p>
            56
          </p>
        </td>
        <td
          className="initial "
          onClick={[Function]}
        >
          <p>
            57
          </p>
        </td>
        <td
          className="initial "
          onClick={[Function]}
        >
          <p>
            58
          </p>
        </td>
        <td
          className="initial "
          onClick={[Function]}
        >
          <p>
            59
          </p>
        </td>
        <td
          className="initial "
          onClick={[Function]}
        >
          <p>
            60
          </p>
        </td>
        <td
          className="initial "
          onClick={[Function]}
        >
          <p>
            61
          </p>
        </td>
        <td
          className="initial "
          onClick={[Function]}
        >
          <p>
            62
          </p>
        </td>
        <td
          className="initial "
          onClick={[Function]}
        >
          <p>
            63
          </p>
        </td>
      </tr>
      <tr>
        <td
          className="initial "
          onClick={[Function]}
        >
          <p>
            64
          </p>
        </td>
        <td
          className="initial "
          onClick={[Function]}
        >
          <p>
            65
          </p>
        </td>
        <td
          className="initial "
          onClick={[Function]}
        >
          <p>
            66
          </p>
        </td>
        <td
          className="initial "
          onClick={[Function]}
        >
          <p>
            67
          </p>
        </td>
        <td
          className="initial "
          onClick={[Function]}
        >
          <p>
            68
          </p>
        </td>
        <td
          className="initial "
          onClick={[Function]}
        >
          <p>
            69
          </p>
        </td>
        <td
          className="initial "
          onClick={[Function]}
        >
          <p>
            70
          </p>
        </td>
        <td
          className="initial "
          onClick={[Function]}
        >
          <p>
            71
          </p>
        </td>
        <td
          className="initial "
          onClick={[Function]}
        >
          <p>
            72
          </p>
        </td>
      </tr>
      <tr>
        <td
          className="initial "
          onClick={[Function]}
        >
          <p>
            73
          </p>
        </td>
        <td
          className="initial "
          onClick={[Function]}
        >
          <p>
            74
          </p>
        </td>
        <td
          className="initial "
          onClick={[Function]}
        >
          <p>
            75
          </p>
        </td>
        <td
          className="initial "
          onClick={[Function]}
        >
          <p>
            76
          </p>
        </td>
        <td
          className="initial "
          onClick={[Function]}
        >
          <p>
            77
          </p>
        </td>
        <td
          className="initial "
          onClick={[Function]}
        >
          <p>
            78
          </p>
        </td>
        <td
          className="initial "
          onClick={[Function]}
        >
          <p>
            79
          </p>
        </td>
        <td
          className="initial "
          onClick={[Function]}
        >
          <p>
            80
          </p>
        </td>
        <td
          className="initial "
          onClick={[Function]}
        >
          <p>
            81
          </p>
        </td>
      </tr>
    </tbody>
  </table>
</div>
`;
